../Core/Src/main.c:128:5:main	56	static
../Core/Src/main.c:216:6:SystemClock_Config	96	static
../Core/Src/main.c:266:13:MX_ADC1_Init	48	static
../Core/Src/main.c:333:13:MX_TIM3_Init	48	static
../Core/Src/main.c:387:13:MX_USART2_UART_Init	8	static
../Core/Src/main.c:422:13:MX_GPIO_Init	48	static
../Core/Src/main.c:521:6:controle_carro	88	static
../Core/Src/main.c:577:6:sensores	8	static
../Core/Src/main.c:587:6:read_sensors	16	static
../Core/Src/main.c:593:6:print_sensor_values	104	static
../Core/Src/main.c:603:5:velocidade	16	static
../Core/Src/main.c:617:7:calculate_centroid	24	static
../Core/Src/main.c:636:7:compute_pid	24	static
../Core/Src/main.c:657:6:motor_init	8	static
../Core/Src/main.c:670:9:readVoltage	8	static
../Core/Src/main.c:676:6:motores	32	static
../Core/Src/main.c:710:6:set_motor_speeds	32	static
../Core/Src/main.c:725:6:motor_set_speed	16	static
../Core/Src/main.c:759:6:blinkTaskFcn	80	static
../Core/Src/main.c:773:6:testsens	8	static
../Core/Src/main.c:780:6:testcent	64	static
../Core/Src/main.c:800:6:StartDefaultTask	16	static
../Core/Src/main.c:819:6:HAL_TIM_PeriodElapsedCallback	16	static
../Core/Src/main.c:837:6:Error_Handler	4	static,ignoring_inline_asm
